{
    "reason": {
        "metadata": {
            "name": "ws-test",
            "creationTimestamp": null,
            "labels": {
                "app": "nxpod",
                "component": "workspace",
                "nxpod.io/networkpolicy": "default",
                "nxpod/fullWorkspaceBackup": "true",
                "gpwsman": "true",
                "headless": "false",
                "metaID": "foobar",
                "owner": "tester",
                "workspaceID": "test",
                "workspaceType": "regular"
            },
            "annotations": {
                "nxpod/admission": "admit_owner_only",
                "nxpod/contentInitializer": "GmcKZXdvcmtzcGFjZXMvY3J5cHRpYy1pZC1nb2VzLWhlcmcvZmQ2MjgwNGItNGNhYi0xMWU5LTg0M2EtNGU2NDUzNzMwNDhlLnRhckBnaXRwb2QtZGV2LXVzZXItY2hyaXN0ZXN0aW5n",
                "nxpod/fullWorkspaceBackup": "true",
                "nxpod/id": "test",
                "nxpod/imageSpec": "Cm1ldS5nY3IuaW8vZ2l0cG9kLWRldi93b3Jrc3BhY2UtYmFzZS1pbWFnZXMvZ2l0aHViLmNvbS90eXBlZm94L2dpdHBvZDo4MGE3ZDQyN2ExZmNkMzQ2ZDQyMDYwM2Q4MGEzMWQ1N2NmNzVhN2FmEgZmb29iYXI=",
                "nxpod/never-ready": "true",
                "nxpod/ownerToken": "%7J'[Of/8NDiWE+9F,I6^Jcj_1\u0026}-F8p",
                "nxpod/servicePrefix": "foobarservice",
                "nxpod/traceid": "",
                "nxpod/url": "test-foobarservice-nxpod.io",
                "prometheus.io/path": "/metrics",
                "prometheus.io/port": "23000",
                "prometheus.io/scrape": "true"
            }
        },
        "spec": {
            "containers": [
                {
                    "name": "workspace",
                    "image": "registry-facade:8080/remote/test",
                    "ports": [
                        {
                            "containerPort": 23000
                        }
                    ],
                    "env": [
                        {
                            "name": "NXPOD_REPO_ROOT",
                            "value": "/workspace"
                        },
                        {
                            "name": "NXPOD_CLI_APITOKEN",
                            "value": "Ab=5=rRA*9:C'T{;RRB\u003e]vK2p6`fFfrS"
                        },
                        {
                            "name": "NXPOD_WORKSPACE_ID",
                            "value": "foobar"
                        },
                        {
                            "name": "NXPOD_INSTANCE_ID",
                            "value": "test"
                        },
                        {
                            "name": "NXPOD_THEIA_PORT",
                            "value": "23000"
                        },
                        {
                            "name": "THEIA_WORKSPACE_ROOT",
                            "value": "/workspace"
                        },
                        {
                            "name": "NXPOD_HOST",
                            "value": "nxpod.io"
                        },
                        {
                            "name": "NXPOD_WORKSPACE_URL",
                            "value": "test-foobarservice-nxpod.io"
                        },
                        {
                            "name": "THEIA_SUPERVISOR_ENDPOINT",
                            "value": ":22999"
                        },
                        {
                            "name": "THEIA_WEBVIEW_EXTERNAL_ENDPOINT",
                            "value": "webview-{{hostname}}"
                        },
                        {
                            "name": "NXPOD_GIT_USER_NAME",
                            "value": "usernameGoesHere"
                        },
                        {
                            "name": "NXPOD_GIT_USER_EMAIL",
                            "value": "some@user.com"
                        },
                        {
                            "name": "foo",
                            "value": "bar"
                        },
                        {
                            "name": "NXPOD_INTERVAL",
                            "value": "30000"
                        },
                        {
                            "name": "NXPOD_MEMORY",
                            "value": "1300"
                        }
                    ],
                    "resources": {
                        "limits": {
                            "cpu": "900m",
                            "memory": "1G"
                        },
                        "requests": {
                            "cpu": "1200m",
                            "ephemeral-storage": "5Gi",
                            "memory": "1300M"
                        }
                    },
                    "readinessProbe": {
                        "httpGet": {
                            "path": "/",
                            "port": 22999,
                            "scheme": "HTTP"
                        },
                        "timeoutSeconds": 1,
                        "periodSeconds": 1,
                        "successThreshold": 1,
                        "failureThreshold": 600
                    },
                    "lifecycle": {
                        "preStop": {
                            "exec": {
                                "command": [
                                    "/theia/supervisor",
                                    "backup"
                                ]
                            }
                        }
                    },
                    "imagePullPolicy": "Always",
                    "securityContext": {
                        "capabilities": {
                            "add": [
                                "AUDIT_WRITE",
                                "FSETID",
                                "KILL",
                                "NET_BIND_SERVICE",
                                "SYS_PTRACE"
                            ],
                            "drop": [
                                "SETPCAP",
                                "CHOWN",
                                "NET_RAW",
                                "DAC_OVERRIDE",
                                "FOWNER",
                                "SYS_CHROOT",
                                "SETFCAP",
                                "SETUID",
                                "SETGID"
                            ]
                        },
                        "privileged": false,
                        "runAsUser": 33333,
                        "runAsGroup": 33333,
                        "runAsNonRoot": true,
                        "readOnlyRootFilesystem": false,
                        "allowPrivilegeEscalation": false
                    }
                }
            ],
            "serviceAccountName": "workspace",
            "automountServiceAccountToken": false,
            "affinity": {
                "nodeAffinity": {
                    "requiredDuringSchedulingIgnoredDuringExecution": {
                        "nodeSelectorTerms": [
                            {
                                "matchExpressions": [
                                    {
                                        "key": "nxpod.io/ws-sync",
                                        "operator": "Exists"
                                    }
                                ]
                            }
                        ]
                    }
                }
            },
            "schedulerName": "workspace-scheduler",
            "tolerations": [
                {
                    "key": "node.kubernetes.io/disk-pressure",
                    "operator": "Exists",
                    "effect": "NoExecute"
                },
                {
                    "key": "node.kubernetes.io/memory-pressure",
                    "operator": "Exists",
                    "effect": "NoExecute"
                },
                {
                    "key": "node.kubernetes.io/network-unavailable",
                    "operator": "Exists",
                    "effect": "NoExecute",
                    "tolerationSeconds": 30
                }
            ],
            "enableServiceLinks": false
        },
        "status": {}
    }
}