{
    "portsService": {
        "metadata": {
            "name": "ws-servicePrefix-ports",
            "creationTimestamp": null,
            "labels": {
                "gpwsman": "true",
                "workspaceID": "foobar",
                "workspaceType": "regular"
            },
            "annotations": {
                "nxpod/ingressPorts": "{\"3000\":{\"workspacePort\":3000,\"ingressPort\":10847},\"8080\":{\"workspacePort\":8080,\"ingressPort\":10059}}",
                "nxpod/port-url-3000": "nxpod.io:10847",
                "nxpod/port-url-8080": "nxpod.io:10059"
            }
        },
        "spec": {
            "ports": [
                {
                    "name": "p3000-public",
                    "protocol": "TCP",
                    "port": 3000,
                    "targetPort": 0
                },
                {
                    "name": "p8080-public",
                    "protocol": "TCP",
                    "port": 8080,
                    "targetPort": 38080
                }
            ],
            "selector": {
                "gpwsman": "true",
                "workspaceID": "foobar"
            },
            "type": "ClusterIP"
        },
        "status": {
            "loadBalancer": {}
        }
    },
    "response": {},
    "postChangeStatus": [
        {
            "port": 3000,
            "visibility": 1,
            "url": "nxpod.io:10847"
        },
        {
            "port": 8080,
            "target": 38080,
            "visibility": 1,
            "url": "nxpod.io:10059"
        }
    ]
}