{
    "portsService": {
        "metadata": {
            "name": "ws-servicePrefix-ports",
            "creationTimestamp": null,
            "labels": {
                "gpwsman": "true",
                "workspaceID": "foobar"
            },
            "annotations": {
                "nxpod/ingressPorts": "",
                "nxpod/port-url-3000": "3000-foobar-servicePrefix-nxpod.khulnasoft.com"
            }
        },
        "spec": {
            "ports": [
                {
                    "name": "p3000-private",
                    "protocol": "TCP",
                    "port": 3000,
                    "targetPort": 0
                }
            ],
            "selector": {
                "gpwsman": "true",
                "workspaceID": "foobar"
            },
            "type": "ClusterIP"
        },
        "status": {
            "loadBalancer": {}
        }
    },
    "response": {},
    "postChangeStatus": [
        {
            "port": 3000,
            "url": "3000-foobar-servicePrefix-nxpod.khulnasoft.com"
        }
    ]
}