{
    "remainingPLIS": [
        "plis-660fe87c-0b7a-4bc2-86f4-276b8b038614"
    ]
}