{
    "result": [
        {
            "id": "d6835d33-116f-4d3f-aeb6-ad628f4004b6",
            "metadata": {
                "owner": "builtin-user-workspace-probe-0000000"
            },
            "spec": {
                "headless": true,
                "url": "https://be07f480-150a-40db-a699-7c8afc8a7122.ws-eu01.nxpod-staging.com",
                "type": 2
            },
            "phase": 5,
            "conditions": {
                "failed": "task failed"
            }
        }
    ]
}