{
    "status": {
        "id": "foobaz",
        "metadata": {
            "owner": "foobar"
        },
        "spec": {
            "url": "http://10.0.0.114:8082"
        },
        "phase": 6,
        "conditions": {
            "failed": "container workspace ran with an error: exit code 137; last backup failed: backup timed out. Please contact support if you need the workspace data.",
            "final_backup_complete": 1
        }
    }
}