{
    "status": null,
    "error": "cannot get nxpod/id annotation from ws-foobaz"
}