{
    "status": {
        "id": "27e46234-5004-44c1-a2e8-56d68ac3c70b",
        "metadata": {
            "owner": "2859a313-db10-4770-bbce-1622e2de943c",
            "meta_id": "db334047-3c4b-49cc-a5fb-a089bff656e0",
            "started_at": {
                "seconds": 1583767864
            }
        },
        "spec": {
            "workspace_image": "eu.gcr.io/nxpod-dev/workspace-base-images/github.com/typefox/nxpod:80a7d427a1fcd346d420603d80a31d57cf75a7af",
            "url": "http://db334047-3c4b-49cc-a5fb-a089bff656e0.ws-dev.cw-registry.staging.nxpod-dev.com",
            "exposed_ports": [
                {
                    "port": 8080,
                    "target": 38080,
                    "visibility": 1
                }
            ],
            "timeout": "30m"
        },
        "phase": 4,
        "conditions": {
            "service_exists": 1,
            "deployed": 1,
            "first_user_activity": {
                "seconds": 1583767886,
                "nanos": 855961185
            }
        },
        "runtime": {
            "node_name": "gke-nxpod-dev-worker-pool-1-3df476cf-qxwr"
        },
        "auth": {}
    }
}