{
    "status": {
        "id": "4a385be8-2be6-4168-861d-ebfc4141627c",
        "metadata": {
            "owner": "4447d447-c11d-4a4a-9335-d47a952e3574"
        },
        "spec": {
            "url": "http://fddc2a09-43a1-407e-abe1-d232bf4caaac.ws-eu.gh-2510.staging.nxpod.io"
        },
        "phase": 6,
        "conditions": {
            "failed": "last backup failed: cannot finalize workspace content: not implemented",
            "final_backup_complete": 1
        },
        "runtime": {
            "node_name": "foobar"
        }
    }
}