{
    "status": {
        "id": "79be1e8b-a6de-4572-8627-99ef12303a88",
        "metadata": {
            "owner": "fed869a7-6e36-49c5-9949-101a4ae80018",
            "meta_id": "f29012c4-c6b9-4bd1-9c48-151bdeec6940",
            "started_at": {
                "seconds": 1583850986
            }
        },
        "spec": {
            "workspace_image": "eu.gcr.io/nxpod-dev/workspace-base-images/github.com/typefox/nxpod:80a7d427a1fcd346d420603d80a31d57cf75a7af",
            "url": "http://f29012c4-c6b9-4bd1-9c48-151bdeec6940.ws-dev.cw-registry.staging.nxpod-dev.com",
            "timeout": "30m"
        },
        "phase": 5,
        "conditions": {
            "failed": "cannot pull image: Back-off pulling image \"reg.nxpod.khulnasoft.com:227/i/79be1e8b-a6de-4572-8627-99ef12303a88:latest\"",
            "deployed": 1
        },
        "runtime": {
            "node_name": "gke-nxpod-dev-worker-pool-1-f039fa9e-2jrb"
        },
        "auth": {}
    }
}