{
    "status": {
        "id": "fb291b69-7bbc-4865-a432-33f558f20091",
        "metadata": {
            "owner": "34032a87-deb7-46f3-9044-0c038679c822",
            "meta_id": "a9949b21-d6d8-443a-85f5-44f5ac3065c0",
            "started_at": {
                "seconds": 1560429513
            }
        },
        "spec": {
            "workspace_image": "eu.gcr.io/nxpod-dev/workspace-images/b24b4698d67f493b801d17196870fd8a422ffa1e/eu.gcr.io/nxpod-dev/workspace-full:sha256-4bcfae6785bcfa55f3fd693af74b3ceeb032e26c99c60b64bc9fe06980efcd23",
            "url": "http://a9949b21-d6d8-443a-85f5-44f5ac3065c0.ws-eu.cw-scheduler.staging.nxpod.io"
        },
        "conditions": {
            "failed": "MatchNodeSelector: Pod Predicate MatchNodeSelector failed",
            "service_exists": 1,
            "deployed": 1
        },
        "runtime": {
            "node_name": "gke-nxpod-dev-default-pool-b25aa276-3tl2"
        },
        "auth": {}
    }
}