{
    "reason": "workspace timed out after running the headless workspace took longer than 01h40m"
}