{
    "reason": "workspace timed out after period of inactivity took longer than 01h10m"
}