{
    "reason": "workspace timed out after initialization took longer than 00h50m"
}