{
    "reason": "workspace timed out after after being closed took longer than 00h10m"
}