{
    "reason": "workspace timed out after pulling images took longer than 00h50m"
}