{
    "reason": "workspace timed out after workspace interruption took longer than 00h10m"
}