{
    "result": {
        "url": "https://github.com/khulnasoft/nxpod",
        "repoName": "nxpod",
        "configurationId": "123",
        "configurationName": "Nxpod"
    },
    "err": ""
}
